../Src/main.c:86:5:main	16	static
../Src/main.c:118:6:AppInitCommon	8	static
../Src/main.c:146:6:I2C3_Init	32	static
../Src/main.c:196:6:I2C1_Init	40	static
../Src/main.c:258:6:I2C1_EV_IRQHandler	8	static
../Src/main.c:288:13:Led_Init	16	static
../Src/main.c:309:13:Button_Init	16	static
../Src/main.c:331:6:I2C_Start	8	static
../Src/main.c:346:6:I2C_SendAddress	16	static
../Src/main.c:358:6:I2C_TransmitData	16	static
../Src/main.c:370:6:I2C_Stop	8	static
../Src/main.c:380:16:Button_GetLogic	16	static
../Src/main.c:390:6:Led_control	16	static
../Src/main.c:404:6:Green_control	16	static
../Src/main.c:420:17:Calculate_time	24	static
../Src/main.c:436:6:Delay	24	static
