../Src/main.c:81:10:Calculate_time	24	static
../Src/main.c:91:6:Delay	24	static
../Src/main.c:96:5:main	16	static
../Src/main.c:128:6:I2C3_Init	32	static
../Src/main.c:172:6:I2C1_Init	40	static
../Src/main.c:228:6:I2C1_EV_IRQHandler	8	static
../Src/main.c:252:13:Led_Init	16	static
../Src/main.c:267:13:Button_Init	16	static
../Src/main.c:283:6:I2C_Start	8	static
../Src/main.c:292:6:I2C_SendAddress	16	static
../Src/main.c:298:6:I2C_TransmitData	16	static
../Src/main.c:304:6:I2C_Stop	8	static
../Src/main.c:308:16:Button_GetLogic	16	static
../Src/main.c:312:6:Led_control	16	static
../Src/main.c:320:6:Green_control	16	static
