../Src/main.c:80:5:main	16	static
../Src/main.c:110:6:AppInitCommon	8	static
../Src/main.c:138:6:SPI2_Init	40	static
../Src/main.c:208:6:SPI1_Init	40	static
../Src/main.c:289:13:Led_Init	16	static
../Src/main.c:310:13:Button_Init	16	static
../Src/main.c:332:17:Calculate_time	24	static
../Src/main.c:348:6:Delay	24	static
../Src/main.c:359:6:SPI_TransmitData	16	static
../Src/main.c:377:16:Button_GetLogic	16	static
../Src/main.c:387:6:Led_control	16	static
../Src/main.c:401:6:Green_control	16	static
../Src/main.c:417:6:SPI1_IRQHandler	8	static
