../Src/main.c:108:5:main	16	static
../Src/main.c:156:6:Appinit_Common	8	static
../Src/main.c:183:10:Calculate_time	24	static
../Src/main.c:200:6:Delay	24	static
../Src/main.c:212:13:Led_Init	16	static
../Src/main.c:269:13:Button_IT_Init	32	static
../Src/main.c:364:6:Buzzer_blink	24	static
../Src/main.c:379:13:Buzzer_Init	16	static
../Src/main.c:408:6:LedGreen_blink	24	static
../Src/main.c:423:13:Buzzer_control	16	static
../Src/main.c:437:6:Led_control	16	static
../Src/main.c:451:6:Red_control	16	static
../Src/main.c:467:6:Green_control	16	static
../Src/main.c:483:6:Blue_control	16	static
../Src/main.c:499:16:Button_GetLogic	16	static
../Src/main.c:509:6:EXTI3_IRQHandler	16	static
../Src/main.c:539:6:EXTI4_IRQHandler	16	static
../Src/main.c:566:6:EXTI0_IRQHandler	16	static
