11:06:44 **** Incremental Build of configuration Debug for project Assignment01.IoT303x ****
make -j16 all 
arm-none-eabi-gcc "../Src/main.c" -mcpu=cortex-m4 -std=gnu11 -g3 -DDEBUG -DNUCLEO_F401RE -DSTM32 -DSTM32F401RETx -DSTM32F4 -c -I../Inc -I"D:/DH/Lumi/Lab/Assignment01.IoT303x/SDK_1.0.3_NUCLEO-F401RE/shared/Drivers/CMSIS/Include" -I"D:/DH/Lumi/Lab/Assignment01.IoT303x/SDK_1.0.3_NUCLEO-F401RE/shared/Drivers/STM32F401RE_StdPeriph_Driver/inc" -I"D:/DH/Lumi/Lab/Assignment01.IoT303x/SDK_1.0.3_NUCLEO-F401RE/shared/Middle/button" -I"D:/DH/Lumi/Lab/Assignment01.IoT303x/SDK_1.0.3_NUCLEO-F401RE/shared/Middle/buzzer" -I"D:/DH/Lumi/Lab/Assignment01.IoT303x/SDK_1.0.3_NUCLEO-F401RE/shared/Middle/led" -I"D:/DH/Lumi/Lab/Assignment01.IoT303x/SDK_1.0.3_NUCLEO-F401RE/shared/Middle/rtos" -I"D:/DH/Lumi/Lab/Assignment01.IoT303x/SDK_1.0.3_NUCLEO-F401RE/shared/Middle/sensor" -I"D:/DH/Lumi/Lab/Assignment01.IoT303x/SDK_1.0.3_NUCLEO-F401RE/shared/Middle/serial" -I"D:/DH/Lumi/Lab/Assignment01.IoT303x/SDK_1.0.3_NUCLEO-F401RE/shared/Middle/ucglib" -I"D:/DH/Lumi/Lab/Assignment01.IoT303x/SDK_1.0.3_NUCLEO-F401RE/shared/Utilities" -O0 -ffunction-sections -fdata-sections -Wall -fstack-usage -fcyclomatic-complexity -MMD -MP -MF"Src/main.d" -MT"Src/main.o" --specs=nano.specs -mfpu=fpv4-sp-d16 -mfloat-abi=hard -mthumb -o "Src/main.o"
arm-none-eabi-gcc -o "Assignment01.IoT303x.elf" @"objects.list"  -lLibraries -mcpu=cortex-m4 -T"D:\DH\Lumi\Lab\Assignment01.IoT303x\STM32F401RETX_FLASH.ld" --specs=nosys.specs -Wl,-Map="Assignment01.IoT303x.map" -Wl,--gc-sections -static -L"D:\DH\Lumi\Lab\Assignment01.IoT303x\SDK_1.0.3_NUCLEO-F401RE\lib_stm" --specs=nano.specs -mfpu=fpv4-sp-d16 -mfloat-abi=hard -mthumb -Wl,--start-group -lc -lm -Wl,--end-group
Finished building target: Assignment01.IoT303x.elf
 
arm-none-eabi-size   Assignment01.IoT303x.elf 
arm-none-eabi-objdump -h -S  Assignment01.IoT303x.elf  > "Assignment01.IoT303x.list"
   text	   data	    bss	    dec	    hex	filename
   5676	     44	   1980	   7700	   1e14	Assignment01.IoT303x.elf
Finished building: default.size.stdout
 
Finished building: Assignment01.IoT303x.list
 
11:06:57 **** Incremental Build of configuration Debug for project Assignment01.IoT303x ****
make -j16 all 
arm-none-eabi-size   Assignment01.IoT303x.elf 
   text	   data	    bss	    dec	    hex	filename
   5676	     44	   1980	   7700	   1e14	Assignment01.IoT303x.elf
Finished building: default.size.stdout
 
