15:40:23 **** Incremental Build of configuration Debug for project Lab1.1 ****
make -j16 all 
arm-none-eabi-gcc "../Core/Src/main.c" -mcpu=cortex-m3 -std=gnu11 -g3 -c -I"D:/DH/Lumi/Lab/Lab1.1/Core/Inc" -O0 -ffunction-sections -fdata-sections -Wall -fstack-usage -fcyclomatic-complexity -MMD -MP -MF"Core/Src/main.d" -MT"Core/Src/main.o" --specs=nano.specs -mfloat-abi=soft -mthumb -o "Core/Src/main.o"
arm-none-eabi-gcc -o "Lab1.1.elf" @"objects.list"   -mcpu=cortex-m3 -T"D:\DH\Lumi\Lab\Lab1.1\STM32F103C8TX_FLASH.ld" --specs=nosys.specs -Wl,-Map="Lab1.1.map" -Wl,--gc-sections -static --specs=nano.specs -mfloat-abi=soft -mthumb -Wl,--start-group -lc -lm -Wl,--end-group
Finished building target: Lab1.1.elf
 
arm-none-eabi-size   Lab1.1.elf 
arm-none-eabi-objdump -h -S  Lab1.1.elf  > "Lab1.1.list"
   text	   data	    bss	    dec	    hex	filename
    556	      8	   1568	   2132	    854	Lab1.1.elf
Finished building: default.size.stdout
 
Finished building: Lab1.1.list
 

15:40:24 Build Finished. 0 errors, 0 warnings. (took 762ms)

