10:23:54 **** Incremental Build of configuration Debug for project Lab7.123 ****
make -j16 all 
arm-none-eabi-gcc "../Src/main.c" -mcpu=cortex-m4 -std=gnu11 -g3 -DDEBUG -DNUCLEO_F401RE -DSTM32 -DSTM32F401RETx -DSTM32F4 -c -I../Inc -I"D:/DH/Lumi/Lab/Lab7.123/SDK_1.0.3_NUCLEO-F401RE/shared/Drivers/CMSIS/Include" -I"D:/DH/Lumi/Lab/Lab7.123/SDK_1.0.3_NUCLEO-F401RE/shared/Drivers/STM32F401RE_StdPeriph_Driver/inc" -I"D:/DH/Lumi/Lab/Lab7.123/SDK_1.0.3_NUCLEO-F401RE/shared/Middle/button" -I"D:/DH/Lumi/Lab/Lab7.123/SDK_1.0.3_NUCLEO-F401RE/shared/Middle/buzzer" -I"D:/DH/Lumi/Lab/Lab7.123/SDK_1.0.3_NUCLEO-F401RE/shared/Middle/led" -I"D:/DH/Lumi/Lab/Lab7.123/SDK_1.0.3_NUCLEO-F401RE/shared/Middle/rtos" -I"D:/DH/Lumi/Lab/Lab7.123/SDK_1.0.3_NUCLEO-F401RE/shared/Middle/sensor" -I"D:/DH/Lumi/Lab/Lab7.123/SDK_1.0.3_NUCLEO-F401RE/shared/Middle/serial" -I"D:/DH/Lumi/Lab/Lab7.123/SDK_1.0.3_NUCLEO-F401RE/shared/Middle/ucglib" -I"D:/DH/Lumi/Lab/Lab7.123/SDK_1.0.3_NUCLEO-F401RE/shared/Utilities" -O0 -ffunction-sections -fdata-sections -Wall -fstack-usage -fcyclomatic-complexity -MMD -MP -MF"Src/main.d" -MT"Src/main.o" --specs=nano.specs -mfpu=fpv4-sp-d16 -mfloat-abi=hard -mthumb -o "Src/main.o"
arm-none-eabi-gcc -o "Lab7.123.elf" @"objects.list"  -lLibraries -mcpu=cortex-m4 -T"D:\DH\Lumi\Lab\Lab7.123\STM32F401RETX_FLASH.ld" --specs=nosys.specs -Wl,-Map="Lab7.123.map" -Wl,--gc-sections -static -L"D:\DH\Lumi\Lab\Lab7.123\SDK_1.0.3_NUCLEO-F401RE\lib_stm" --specs=nano.specs -mfpu=fpv4-sp-d16 -mfloat-abi=hard -mthumb -Wl,--start-group -lc -lm -Wl,--end-group
Finished building target: Lab7.123.elf
 
arm-none-eabi-size   Lab7.123.elf 
arm-none-eabi-objdump -h -S  Lab7.123.elf  > "Lab7.123.list"
   text	   data	    bss	    dec	    hex	filename
   2980	     28	   1580	   4588	   11ec	Lab7.123.elf
Finished building: default.size.stdout
 
Finished building: Lab7.123.list
 

10:23:55 Build Finished. 0 errors, 0 warnings. (took 1s.605ms)

