22:25:33 **** Incremental Build of configuration Debug for project Lab7.2 ****
make -j16 all 
arm-none-eabi-gcc "../Src/main.c" -mcpu=cortex-m4 -std=gnu11 -g3 -DDEBUG -DNUCLEO_F401RE -DSTM32 -DSTM32F401RETx -DSTM32F4 -c -I../Inc -I"D:/DH/Lumi/Lab/Lab7.2/SDK_1.0.3_NUCLEO-F401RE/shared/Drivers/CMSIS/Include" -I"D:/DH/Lumi/Lab/Lab7.2/SDK_1.0.3_NUCLEO-F401RE/shared/Drivers/STM32F401RE_StdPeriph_Driver/inc" -I"D:/DH/Lumi/Lab/Lab7.2/SDK_1.0.3_NUCLEO-F401RE/shared/Middle/button" -I"D:/DH/Lumi/Lab/Lab7.2/SDK_1.0.3_NUCLEO-F401RE/shared/Middle/buzzer" -I"D:/DH/Lumi/Lab/Lab7.2/SDK_1.0.3_NUCLEO-F401RE/shared/Middle/led" -I"D:/DH/Lumi/Lab/Lab7.2/SDK_1.0.3_NUCLEO-F401RE/shared/Middle/rtos" -I"D:/DH/Lumi/Lab/Lab7.2/SDK_1.0.3_NUCLEO-F401RE/shared/Middle/sensor" -I"D:/DH/Lumi/Lab/Lab7.2/SDK_1.0.3_NUCLEO-F401RE/shared/Middle/serial" -I"D:/DH/Lumi/Lab/Lab7.2/SDK_1.0.3_NUCLEO-F401RE/shared/Middle/ucglib" -I"D:/DH/Lumi/Lab/Lab7.2/SDK_1.0.3_NUCLEO-F401RE/shared/Utilities" -O0 -ffunction-sections -fdata-sections -Wall -fstack-usage -fcyclomatic-complexity -MMD -MP -MF"Src/main.d" -MT"Src/main.o" --specs=nano.specs -mfpu=fpv4-sp-d16 -mfloat-abi=hard -mthumb -o "Src/main.o"
arm-none-eabi-gcc -o "Lab7.2.elf" @"objects.list"  -lLibraries -mcpu=cortex-m4 -T"D:\DH\Lumi\Lab\Lab7.2\STM32F401RETX_FLASH.ld" --specs=nosys.specs -Wl,-Map="Lab7.2.map" -Wl,--gc-sections -static -L"D:\DH\Lumi\Lab\Lab7.2\SDK_1.0.3_NUCLEO-F401RE\lib_stm" --specs=nano.specs -mfpu=fpv4-sp-d16 -mfloat-abi=hard -mthumb -Wl,--start-group -lc -lm -Wl,--end-group
Finished building target: Lab7.2.elf
 
arm-none-eabi-size   Lab7.2.elf 
arm-none-eabi-objdump -h -S  Lab7.2.elf  > "Lab7.2.list"
   text	   data	    bss	    dec	    hex	filename
   3956	     44	   1964	   5964	   174c	Lab7.2.elf
Finished building: default.size.stdout
 
Finished building: Lab7.2.list
 

22:25:34 Build Finished. 0 errors, 0 warnings. (took 854ms)

