09:48:43 **** Incremental Build of configuration Debug for project Lab_1.2 ****
make -j16 all 
arm-none-eabi-gcc "../Src/main.c" -mcpu=cortex-m4 -std=gnu11 -g3 -DDEBUG -DNUCLEO_F401RE -DSTM32 -DSTM32F401RETx -DSTM32F4 -c -I../Inc -O0 -ffunction-sections -fdata-sections -Wall -fstack-usage -fcyclomatic-complexity -MMD -MP -MF"Src/main.d" -MT"Src/main.o" --specs=nano.specs -mfpu=fpv4-sp-d16 -mfloat-abi=hard -mthumb -o "Src/main.o"
arm-none-eabi-gcc -o "Lab_1.2.elf" @"objects.list"   -mcpu=cortex-m4 -T"D:\DH\Lumi\Lab\Lab_1.2\STM32F401RETX_FLASH.ld" --specs=nosys.specs -Wl,-Map="Lab_1.2.map" -Wl,--gc-sections -static --specs=nano.specs -mfpu=fpv4-sp-d16 -mfloat-abi=hard -mthumb -Wl,--start-group -lc -lm -Wl,--end-group
Finished building target: Lab_1.2.elf
 
arm-none-eabi-size   Lab_1.2.elf 
arm-none-eabi-objdump -h -S  Lab_1.2.elf  > "Lab_1.2.list"
   text	   data	    bss	    dec	    hex	filename
    832	     16	   1568	   2416	    970	Lab_1.2.elf
Finished building: default.size.stdout
 
Finished building: Lab_1.2.list
 

09:48:44 Build Finished. 0 errors, 0 warnings. (took 451ms)

